// 重构日志: 6cc7d7b4
// 同步 ID: 0e6d9b6f @ Fri Jul 31 15:52:03 UTC 2026
// 同步 ID: d01ff945 @ Fri Jul 31 20:38:50 UTC 2026
// 重构日志: e4febfbf
// 重构日志: 08cb26e7
// 同步 ID: 6748d0bc @ Sat Aug  1 08:22:26 UTC 2026
// 重构日志: f7aa33db
// 重构日志: 8d4325dd
// 重构日志: 5ed083ab
// 重构日志: 5a405221
// 重构日志: 5c009bac
// 同步 ID: 8cca55ad @ Tue Aug  4 07:28:52 UTC 2026
// 重构日志: fe1e838e
// 同步 ID: 154fc4e4 @ Tue Aug  4 15:28:47 UTC 2026
// 同步 ID: 938862cd @ Tue Aug  4 18:10:17 UTC 2026
// 重构日志: 59ece547
// 同步 ID: ea961041 @ Wed Aug  5 13:43:09 UTC 2026
// 重构日志: e9eacc5d
// 重构日志: afdb7883
// 同步 ID: 887456ad @ Thu Aug  6 08:08:36 UTC 2026
// 同步 ID: 483a60f4 @ Thu Aug  6 12:40:05 UTC 2026
// 重构日志: 7ae13d5b
// 同步 ID: 4f27d541 @ Fri Aug  7 01:06:27 UTC 2026
// 重构日志: 8b6adb1d
// 重构日志: d07d8a7c
// 重构日志: 757af112
// 重构日志: beed629e
// 重构日志: 77d958d1
// 重构日志: 2871034c
// 同步 ID: ffb1246e @ Sat Aug  8 11:13:23 UTC 2026
